2025-09-25 08:06:40,615 [Worker-6: Loading available Gradle versions] INFO  o.e.b.c.i.u.g.PublishedGradleVersions - Gradle version information cache is not available. Remote download required.
2025-09-25 08:07:04,923 [Worker-11: Building] INFO  o.e.m.c.i.l.LifecycleMappingFactory - Using org.eclipse.m2e.jdt.JarLifecycleMapping lifecycle mapping for MavenProject: org.dsa:CodeArena:1.0-SNAPSHOT @ D:\DSAMaze\CodeArena\pom.xml.
2025-09-25 08:07:05,789 [Worker-11: Building] INFO  o.a.m.s.f.DefaultMavenResourcesFiltering - skip non existing resourceDirectory D:\DSAMaze\CodeArena\src\main\resources
2025-09-25 08:07:05,792 [Worker-11: Building] INFO  o.a.m.s.f.DefaultMavenResourcesFiltering - skip non existing resourceDirectory D:\DSAMaze\CodeArena\src\test\resources
2025-09-25 08:13:24,987 [Worker-34: Building] INFO  o.a.m.s.f.DefaultMavenResourcesFiltering - skip non existing resourceDirectory D:\DSAMaze\CodeArena\src\main\resources
2025-09-25 08:13:24,990 [Worker-34: Building] INFO  o.a.m.s.f.DefaultMavenResourcesFiltering - skip non existing resourceDirectory D:\DSAMaze\CodeArena\src\test\resources
2025-09-25 08:15:18,023 [Worker-3: Loading available Gradle versions] INFO  o.e.b.c.i.u.g.PublishedGradleVersions - Gradle version information cache is up-to-date. Trying to read.
2025-09-25 08:15:28,865 [Worker-14: Building] INFO  o.a.m.s.f.DefaultMavenResourcesFiltering - skip non existing resourceDirectory D:\DSAMaze\CodeArena\src\main\resources
2025-09-25 08:15:28,871 [Worker-14: Building] INFO  o.a.m.s.f.DefaultMavenResourcesFiltering - skip non existing resourceDirectory D:\DSAMaze\CodeArena\src\test\resources
2025-09-25 08:17:16,338 [Worker-13: Building] INFO  o.a.m.s.f.DefaultMavenResourcesFiltering - skip non existing resourceDirectory D:\DSAMaze\CodeArena\src\main\resources
2025-09-25 08:17:16,342 [Worker-13: Building] INFO  o.a.m.s.f.DefaultMavenResourcesFiltering - skip non existing resourceDirectory D:\DSAMaze\CodeArena\src\test\resources
2025-09-25 08:18:11,935 [Worker-23: Building] INFO  o.a.m.s.f.DefaultMavenResourcesFiltering - skip non existing resourceDirectory D:\DSAMaze\CodeArena\src\main\resources
2025-09-25 08:18:11,938 [Worker-23: Building] INFO  o.a.m.s.f.DefaultMavenResourcesFiltering - skip non existing resourceDirectory D:\DSAMaze\CodeArena\src\test\resources
2025-09-25 08:23:36,180 [Worker-2: Building] INFO  o.a.m.s.f.DefaultMavenResourcesFiltering - skip non existing resourceDirectory D:\DSAMaze\CodeArena\src\main\resources
2025-09-25 08:23:36,183 [Worker-2: Building] INFO  o.a.m.s.f.DefaultMavenResourcesFiltering - skip non existing resourceDirectory D:\DSAMaze\CodeArena\src\test\resources
2025-09-25 08:23:45,834 [Worker-34: Building] INFO  o.a.m.s.f.DefaultMavenResourcesFiltering - skip non existing resourceDirectory D:\DSAMaze\CodeArena\src\main\resources
2025-09-25 08:23:45,837 [Worker-34: Building] INFO  o.a.m.s.f.DefaultMavenResourcesFiltering - skip non existing resourceDirectory D:\DSAMaze\CodeArena\src\test\resources
2025-09-25 08:23:51,444 [Worker-2: Building] INFO  o.a.m.s.f.DefaultMavenResourcesFiltering - skip non existing resourceDirectory D:\DSAMaze\CodeArena\src\main\resources
2025-09-25 08:23:51,447 [Worker-2: Building] INFO  o.a.m.s.f.DefaultMavenResourcesFiltering - skip non existing resourceDirectory D:\DSAMaze\CodeArena\src\test\resources
2025-09-25 08:25:55,884 [Worker-3: Loading available Gradle versions] INFO  o.e.b.c.i.u.g.PublishedGradleVersions - Gradle version information cache is up-to-date. Trying to read.
2025-09-25 08:26:35,017 [Worker-14: Building] INFO  o.a.m.s.f.DefaultMavenResourcesFiltering - skip non existing resourceDirectory D:\DSAMaze\CodeArena\src\main\resources
2025-09-25 08:26:35,023 [Worker-14: Building] INFO  o.a.m.s.f.DefaultMavenResourcesFiltering - skip non existing resourceDirectory D:\DSAMaze\CodeArena\src\test\resources
2025-09-25 08:26:42,769 [Worker-5: Building] INFO  o.a.m.s.f.DefaultMavenResourcesFiltering - skip non existing resourceDirectory D:\DSAMaze\CodeArena\src\main\resources
2025-09-25 08:26:42,772 [Worker-5: Building] INFO  o.a.m.s.f.DefaultMavenResourcesFiltering - skip non existing resourceDirectory D:\DSAMaze\CodeArena\src\test\resources
2025-09-25 18:31:35,402 [Worker-3: Loading available Gradle versions] INFO  o.e.b.c.i.u.g.PublishedGradleVersions - Gradle version information cache is up-to-date. Trying to read.
2025-09-25 18:31:37,308 [Worker-2: Building] INFO  o.a.m.s.f.DefaultMavenResourcesFiltering - skip non existing resourceDirectory D:\DSAMaze\CodeArena\src\main\resources
2025-09-25 18:31:37,313 [Worker-2: Building] INFO  o.a.m.s.f.DefaultMavenResourcesFiltering - skip non existing resourceDirectory D:\DSAMaze\CodeArena\src\test\resources
2025-09-25 18:32:56,266 [Worker-14: Building] INFO  o.a.m.s.f.DefaultMavenResourcesFiltering - skip non existing resourceDirectory D:\DSAMaze\CodeArena\src\main\resources
2025-09-25 18:32:56,270 [Worker-14: Building] INFO  o.a.m.s.f.DefaultMavenResourcesFiltering - skip non existing resourceDirectory D:\DSAMaze\CodeArena\src\test\resources
2025-09-25 18:33:00,414 [Worker-9: Building] INFO  o.a.m.s.f.DefaultMavenResourcesFiltering - skip non existing resourceDirectory D:\DSAMaze\CodeArena\src\main\resources
2025-09-25 18:33:00,416 [Worker-9: Building] INFO  o.a.m.s.f.DefaultMavenResourcesFiltering - skip non existing resourceDirectory D:\DSAMaze\CodeArena\src\test\resources
2025-09-25 18:33:04,841 [Worker-6: Building] INFO  o.a.m.s.f.DefaultMavenResourcesFiltering - skip non existing resourceDirectory D:\DSAMaze\CodeArena\src\main\resources
2025-09-25 18:33:04,844 [Worker-6: Building] INFO  o.a.m.s.f.DefaultMavenResourcesFiltering - skip non existing resourceDirectory D:\DSAMaze\CodeArena\src\test\resources
2025-09-25 18:33:10,816 [Worker-11: Building] INFO  o.a.m.s.f.DefaultMavenResourcesFiltering - skip non existing resourceDirectory D:\DSAMaze\CodeArena\src\main\resources
2025-09-25 18:33:10,818 [Worker-11: Building] INFO  o.a.m.s.f.DefaultMavenResourcesFiltering - skip non existing resourceDirectory D:\DSAMaze\CodeArena\src\test\resources
2025-09-25 18:33:20,056 [Worker-19: Building] INFO  o.a.m.s.f.DefaultMavenResourcesFiltering - skip non existing resourceDirectory D:\DSAMaze\CodeArena\src\main\resources
2025-09-25 18:33:20,058 [Worker-19: Building] INFO  o.a.m.s.f.DefaultMavenResourcesFiltering - skip non existing resourceDirectory D:\DSAMaze\CodeArena\src\test\resources
2025-09-25 18:33:24,595 [Worker-15: Building] INFO  o.a.m.s.f.DefaultMavenResourcesFiltering - skip non existing resourceDirectory D:\DSAMaze\CodeArena\src\main\resources
2025-09-25 18:33:24,597 [Worker-15: Building] INFO  o.a.m.s.f.DefaultMavenResourcesFiltering - skip non existing resourceDirectory D:\DSAMaze\CodeArena\src\test\resources
2025-09-25 18:34:31,728 [Worker-16: Building] INFO  o.a.m.s.f.DefaultMavenResourcesFiltering - skip non existing resourceDirectory D:\DSAMaze\CodeArena\src\main\resources
2025-09-25 18:34:31,731 [Worker-16: Building] INFO  o.a.m.s.f.DefaultMavenResourcesFiltering - skip non existing resourceDirectory D:\DSAMaze\CodeArena\src\test\resources
2025-09-25 18:35:28,822 [Worker-26: Building] INFO  o.a.m.s.f.DefaultMavenResourcesFiltering - skip non existing resourceDirectory D:\DSAMaze\CodeArena\src\main\resources
2025-09-25 18:35:28,824 [Worker-26: Building] INFO  o.a.m.s.f.DefaultMavenResourcesFiltering - skip non existing resourceDirectory D:\DSAMaze\CodeArena\src\test\resources
2025-09-25 18:35:34,946 [Worker-2: Building] INFO  o.a.m.s.f.DefaultMavenResourcesFiltering - skip non existing resourceDirectory D:\DSAMaze\CodeArena\src\main\resources
2025-09-25 18:35:34,948 [Worker-2: Building] INFO  o.a.m.s.f.DefaultMavenResourcesFiltering - skip non existing resourceDirectory D:\DSAMaze\CodeArena\src\test\resources
2025-09-25 18:35:37,879 [Worker-16: Building] INFO  o.a.m.s.f.DefaultMavenResourcesFiltering - skip non existing resourceDirectory D:\DSAMaze\CodeArena\src\main\resources
2025-09-25 18:35:37,881 [Worker-16: Building] INFO  o.a.m.s.f.DefaultMavenResourcesFiltering - skip non existing resourceDirectory D:\DSAMaze\CodeArena\src\test\resources
2025-09-25 18:35:55,765 [Worker-18: Building] INFO  o.a.m.s.f.DefaultMavenResourcesFiltering - skip non existing resourceDirectory D:\DSAMaze\CodeArena\src\main\resources
2025-09-25 18:35:55,767 [Worker-18: Building] INFO  o.a.m.s.f.DefaultMavenResourcesFiltering - skip non existing resourceDirectory D:\DSAMaze\CodeArena\src\test\resources
2025-09-25 18:36:38,769 [Worker-7: Building] INFO  o.a.m.s.f.DefaultMavenResourcesFiltering - skip non existing resourceDirectory D:\DSAMaze\CodeArena\src\main\resources
2025-09-25 18:36:38,771 [Worker-7: Building] INFO  o.a.m.s.f.DefaultMavenResourcesFiltering - skip non existing resourceDirectory D:\DSAMaze\CodeArena\src\test\resources
2025-09-25 18:36:48,045 [Worker-5: Building] INFO  o.a.m.s.f.DefaultMavenResourcesFiltering - skip non existing resourceDirectory D:\DSAMaze\CodeArena\src\main\resources
2025-09-25 18:36:48,049 [Worker-5: Building] INFO  o.a.m.s.f.DefaultMavenResourcesFiltering - skip non existing resourceDirectory D:\DSAMaze\CodeArena\src\test\resources
2025-09-25 18:39:10,789 [Worker-18: Building] INFO  o.a.m.s.f.DefaultMavenResourcesFiltering - skip non existing resourceDirectory D:\DSAMaze\CodeArena\src\main\resources
2025-09-25 18:39:10,792 [Worker-18: Building] INFO  o.a.m.s.f.DefaultMavenResourcesFiltering - skip non existing resourceDirectory D:\DSAMaze\CodeArena\src\test\resources
2025-09-25 18:39:25,434 [Worker-29: Building] INFO  o.a.m.s.f.DefaultMavenResourcesFiltering - skip non existing resourceDirectory D:\DSAMaze\CodeArena\src\main\resources
2025-09-25 18:39:25,436 [Worker-29: Building] INFO  o.a.m.s.f.DefaultMavenResourcesFiltering - skip non existing resourceDirectory D:\DSAMaze\CodeArena\src\test\resources
2025-09-25 18:45:03,937 [Worker-32: Building] INFO  o.a.m.s.f.DefaultMavenResourcesFiltering - skip non existing resourceDirectory D:\DSAMaze\CodeArena\src\main\resources
2025-09-25 18:45:03,938 [Worker-32: Building] INFO  o.a.m.s.f.DefaultMavenResourcesFiltering - skip non existing resourceDirectory D:\DSAMaze\CodeArena\src\test\resources
2025-09-25 18:45:15,337 [Worker-31: Building] INFO  o.a.m.s.f.DefaultMavenResourcesFiltering - skip non existing resourceDirectory D:\DSAMaze\CodeArena\src\main\resources
2025-09-25 18:45:15,340 [Worker-31: Building] INFO  o.a.m.s.f.DefaultMavenResourcesFiltering - skip non existing resourceDirectory D:\DSAMaze\CodeArena\src\test\resources
2025-09-25 18:46:24,887 [Worker-19: Building] INFO  o.a.m.s.f.DefaultMavenResourcesFiltering - skip non existing resourceDirectory D:\DSAMaze\CodeArena\src\main\resources
2025-09-25 18:46:24,888 [Worker-19: Building] INFO  o.a.m.s.f.DefaultMavenResourcesFiltering - skip non existing resourceDirectory D:\DSAMaze\CodeArena\src\test\resources
2025-09-25 18:46:29,296 [Worker-31: Building] INFO  o.a.m.s.f.DefaultMavenResourcesFiltering - skip non existing resourceDirectory D:\DSAMaze\CodeArena\src\main\resources
2025-09-25 18:46:29,298 [Worker-31: Building] INFO  o.a.m.s.f.DefaultMavenResourcesFiltering - skip non existing resourceDirectory D:\DSAMaze\CodeArena\src\test\resources
2025-09-25 18:46:31,974 [Worker-31: Building] INFO  o.a.m.s.f.DefaultMavenResourcesFiltering - skip non existing resourceDirectory D:\DSAMaze\CodeArena\src\main\resources
2025-09-25 18:46:31,977 [Worker-31: Building] INFO  o.a.m.s.f.DefaultMavenResourcesFiltering - skip non existing resourceDirectory D:\DSAMaze\CodeArena\src\test\resources
2025-09-25 18:46:59,587 [Worker-19: Building] INFO  o.a.m.s.f.DefaultMavenResourcesFiltering - skip non existing resourceDirectory D:\DSAMaze\CodeArena\src\main\resources
2025-09-25 18:46:59,589 [Worker-19: Building] INFO  o.a.m.s.f.DefaultMavenResourcesFiltering - skip non existing resourceDirectory D:\DSAMaze\CodeArena\src\test\resources
2025-09-25 18:47:12,379 [Worker-19: Building] INFO  o.a.m.s.f.DefaultMavenResourcesFiltering - skip non existing resourceDirectory D:\DSAMaze\CodeArena\src\main\resources
2025-09-25 18:47:12,381 [Worker-19: Building] INFO  o.a.m.s.f.DefaultMavenResourcesFiltering - skip non existing resourceDirectory D:\DSAMaze\CodeArena\src\test\resources
2025-09-25 18:47:26,772 [Worker-35: Building] INFO  o.a.m.s.f.DefaultMavenResourcesFiltering - skip non existing resourceDirectory D:\DSAMaze\CodeArena\src\main\resources
2025-09-25 18:47:26,776 [Worker-35: Building] INFO  o.a.m.s.f.DefaultMavenResourcesFiltering - skip non existing resourceDirectory D:\DSAMaze\CodeArena\src\test\resources
2025-09-25 18:47:29,777 [Worker-33: Building] INFO  o.a.m.s.f.DefaultMavenResourcesFiltering - skip non existing resourceDirectory D:\DSAMaze\CodeArena\src\main\resources
2025-09-25 18:47:29,779 [Worker-33: Building] INFO  o.a.m.s.f.DefaultMavenResourcesFiltering - skip non existing resourceDirectory D:\DSAMaze\CodeArena\src\test\resources
2025-09-25 18:47:34,060 [Worker-34: Building] INFO  o.a.m.s.f.DefaultMavenResourcesFiltering - skip non existing resourceDirectory D:\DSAMaze\CodeArena\src\main\resources
2025-09-25 18:47:34,063 [Worker-34: Building] INFO  o.a.m.s.f.DefaultMavenResourcesFiltering - skip non existing resourceDirectory D:\DSAMaze\CodeArena\src\test\resources
2025-09-25 18:47:41,771 [Worker-34: Building] INFO  o.a.m.s.f.DefaultMavenResourcesFiltering - skip non existing resourceDirectory D:\DSAMaze\CodeArena\src\main\resources
2025-09-25 18:47:41,773 [Worker-34: Building] INFO  o.a.m.s.f.DefaultMavenResourcesFiltering - skip non existing resourceDirectory D:\DSAMaze\CodeArena\src\test\resources
2025-09-25 18:47:50,760 [Worker-38: Building] INFO  o.a.m.s.f.DefaultMavenResourcesFiltering - skip non existing resourceDirectory D:\DSAMaze\CodeArena\src\main\resources
2025-09-25 18:47:50,762 [Worker-38: Building] INFO  o.a.m.s.f.DefaultMavenResourcesFiltering - skip non existing resourceDirectory D:\DSAMaze\CodeArena\src\test\resources
2025-09-25 18:48:04,348 [Worker-35: Building] INFO  o.a.m.s.f.DefaultMavenResourcesFiltering - skip non existing resourceDirectory D:\DSAMaze\CodeArena\src\main\resources
2025-09-25 18:48:04,350 [Worker-35: Building] INFO  o.a.m.s.f.DefaultMavenResourcesFiltering - skip non existing resourceDirectory D:\DSAMaze\CodeArena\src\test\resources
