2025-09-24 15:29:24.257: [INFO] OnDoneLoading sync enabled: 0
2025-09-25 13:18:46.811: [INFO] OnDoneLoading sync enabled: 0
2025-09-25 13:23:37.865: [INFO] OnDoneLoading sync enabled: 0
2025-09-25 13:32:39.485: [INFO] OnDoneLoading sync enabled: 0
2025-09-25 15:24:08.830: [INFO] OnDoneLoading sync enabled: 0
2025-09-25 16:29:07.045: [INFO] OnDoneLoading sync enabled: 0
2025-09-25 16:32:57.734: [INFO] OnDoneLoading sync enabled: 0
2025-09-25 16:36:40.039: [INFO] OnDoneLoading sync enabled: 0
2025-09-25 16:37:48.972: [INFO] OnDoneLoading sync enabled: 0
2025-09-26 15:11:48.516: [INFO] OnDoneLoading sync enabled: 0
2025-09-26 15:13:23.067: [INFO] OnDoneLoading sync enabled: 0
2025-09-26 15:39:45.997: [INFO] OnDoneLoading sync enabled: 0
2026-04-12 01:35:16.793: [INFO] OnDoneLoading sync enabled: 0
2026-08-19 05:23:21.425: [INFO] CurrentProfilePath: D:\Eclipse\SpringBoot\.metadata\.plugins\org.eclipse.swt\EBWebView\Default
2026-08-19 05:23:21.425: [INFO] Profiles total count: 1
2026-08-19 05:23:21.429: [INFO] Profile: name=Profile 1 path=D:\Eclipse\SpringBoot\.metadata\.plugins\org.eclipse.swt\EBWebView\Default lastActive=2026-04-12T01:45:21.675Z
2026-08-19 05:23:21.429: [INFO] LastUsedProfileDir: D:\Eclipse\SpringBoot\.metadata\.plugins\org.eclipse.swt\EBWebView\Default
2026-08-19 05:23:21.429: [INFO] MostRecentlyActiveProfile: name=Profile 1 path=D:\Eclipse\SpringBoot\.metadata\.plugins\org.eclipse.swt\EBWebView\Default lastActive=2026-04-12T01:45:21.675Z
2026-08-19 05:23:21.429: [INFO] OnDoneLoading sync enabled: 0
2026-08-19 05:23:21.429: [INFO] BookmarkModelLoaded, ids_reassigned: 0
2026-08-19 05:23:21.429: [INFO] BookmarksLoadDropped droppedNodes=0
2026-08-19 05:23:21.429: [INFO] BookmarksSnapshot Startup total=0 bar=0 other=0 mobile=0 showBar=0 showBarNTP=1
2026-08-19 05:25:51.105: [INFO] BookmarksSnapshot Shutdown total=0 bar=0 other=0 mobile=0 showBar=0 showBarNTP=1
2026-08-19 05:51:23.347: [INFO] CurrentProfilePath: D:\Eclipse\SpringBoot\.metadata\.plugins\org.eclipse.swt\EBWebView\Default
2026-08-19 05:51:23.347: [INFO] Profiles total count: 1
2026-08-19 05:51:23.347: [INFO] Profile: name=Profile 1 path=D:\Eclipse\SpringBoot\.metadata\.plugins\org.eclipse.swt\EBWebView\Default lastActive=2026-08-19T05:25:51.024Z
2026-08-19 05:51:23.347: [INFO] LastUsedProfileDir: D:\Eclipse\SpringBoot\.metadata\.plugins\org.eclipse.swt\EBWebView\Default
2026-08-19 05:51:23.347: [INFO] MostRecentlyActiveProfile: name=Profile 1 path=D:\Eclipse\SpringBoot\.metadata\.plugins\org.eclipse.swt\EBWebView\Default lastActive=2026-08-19T05:25:51.024Z
2026-08-19 05:51:23.347: [INFO] OnDoneLoading sync enabled: 0
2026-08-19 05:51:23.347: [INFO] BookmarkModelLoaded, ids_reassigned: 0
2026-08-19 05:51:23.347: [INFO] BookmarksLoadDropped droppedNodes=0
2026-08-19 05:51:23.347: [INFO] BookmarksSnapshot Startup total=0 bar=0 other=0 mobile=0 showBar=0 showBarNTP=1
2026-08-19 05:55:58.153: [INFO] BookmarksSnapshot Shutdown total=0 bar=0 other=0 mobile=0 showBar=0 showBarNTP=1
2026-08-19 05:56:40.191: [INFO] CurrentProfilePath: D:\Eclipse\SpringBoot\.metadata\.plugins\org.eclipse.swt\EBWebView\Default
2026-08-19 05:56:40.191: [INFO] Profiles total count: 1
2026-08-19 05:56:40.191: [INFO] Profile: name=Profile 1 path=D:\Eclipse\SpringBoot\.metadata\.plugins\org.eclipse.swt\EBWebView\Default lastActive=2026-08-19T05:51:45.583Z
2026-08-19 05:56:40.191: [INFO] LastUsedProfileDir: D:\Eclipse\SpringBoot\.metadata\.plugins\org.eclipse.swt\EBWebView\Default
2026-08-19 05:56:40.191: [INFO] MostRecentlyActiveProfile: name=Profile 1 path=D:\Eclipse\SpringBoot\.metadata\.plugins\org.eclipse.swt\EBWebView\Default lastActive=2026-08-19T05:51:45.583Z
2026-08-19 05:56:40.191: [INFO] OnDoneLoading sync enabled: 0
2026-08-19 05:56:40.191: [INFO] BookmarkModelLoaded, ids_reassigned: 0
2026-08-19 05:56:40.191: [INFO] BookmarksLoadDropped droppedNodes=0
2026-08-19 05:56:40.191: [INFO] BookmarksSnapshot Startup total=0 bar=0 other=0 mobile=0 showBar=0 showBarNTP=1
2026-08-19 05:56:45.657: [INFO] BookmarksSnapshot Shutdown total=0 bar=0 other=0 mobile=0 showBar=0 showBarNTP=1
2026-08-19 06:16:47.137: [INFO] CurrentProfilePath: D:\Eclipse\SpringBoot\.metadata\.plugins\org.eclipse.swt\EBWebView\Default
2026-08-19 06:16:47.137: [INFO] Profiles total count: 1
2026-08-19 06:16:47.140: [INFO] Profile: name=Profile 1 path=D:\Eclipse\SpringBoot\.metadata\.plugins\org.eclipse.swt\EBWebView\Default lastActive=2026-08-19T05:56:41.776Z
2026-08-19 06:16:47.140: [INFO] LastUsedProfileDir: D:\Eclipse\SpringBoot\.metadata\.plugins\org.eclipse.swt\EBWebView\Default
2026-08-19 06:16:47.140: [INFO] MostRecentlyActiveProfile: name=Profile 1 path=D:\Eclipse\SpringBoot\.metadata\.plugins\org.eclipse.swt\EBWebView\Default lastActive=2026-08-19T05:56:41.776Z
2026-08-19 06:16:47.140: [INFO] OnDoneLoading sync enabled: 0
2026-08-19 06:16:47.140: [INFO] BookmarkModelLoaded, ids_reassigned: 0
2026-08-19 06:16:47.140: [INFO] BookmarksLoadDropped droppedNodes=0
2026-08-19 06:16:47.140: [INFO] BookmarksSnapshot Startup total=0 bar=0 other=0 mobile=0 showBar=0 showBarNTP=1
2026-08-19 06:16:52.695: [INFO] BookmarksSnapshot Shutdown total=0 bar=0 other=0 mobile=0 showBar=0 showBarNTP=1
2026-08-19 06:17:38.093: [INFO] CurrentProfilePath: D:\Eclipse\SpringBoot\.metadata\.plugins\org.eclipse.swt\EBWebView\Default
2026-08-19 06:17:38.093: [INFO] Profiles total count: 1
2026-08-19 06:17:38.093: [INFO] Profile: name=Profile 1 path=D:\Eclipse\SpringBoot\.metadata\.plugins\org.eclipse.swt\EBWebView\Default lastActive=2026-08-19T05:56:41.776Z
2026-08-19 06:17:38.093: [INFO] LastUsedProfileDir: D:\Eclipse\SpringBoot\.metadata\.plugins\org.eclipse.swt\EBWebView\Default
2026-08-19 06:17:38.093: [INFO] MostRecentlyActiveProfile: name=Profile 1 path=D:\Eclipse\SpringBoot\.metadata\.plugins\org.eclipse.swt\EBWebView\Default lastActive=2026-08-19T05:56:41.776Z
2026-08-19 06:17:38.094: [INFO] OnDoneLoading sync enabled: 0
2026-08-19 06:17:38.094: [INFO] BookmarkModelLoaded, ids_reassigned: 0
2026-08-19 06:17:38.094: [INFO] BookmarksLoadDropped droppedNodes=0
2026-08-19 06:17:38.094: [INFO] BookmarksSnapshot Startup total=0 bar=0 other=0 mobile=0 showBar=0 showBarNTP=1
2026-08-19 06:17:42.663: [INFO] BookmarksSnapshot Shutdown total=0 bar=0 other=0 mobile=0 showBar=0 showBarNTP=1
2026-08-19 06:18:55.444: [INFO] CurrentProfilePath: D:\Eclipse\SpringBoot\.metadata\.plugins\org.eclipse.swt\EBWebView\Default
2026-08-19 06:18:55.444: [INFO] Profiles total count: 1
2026-08-19 06:18:55.444: [INFO] Profile: name=Profile 1 path=D:\Eclipse\SpringBoot\.metadata\.plugins\org.eclipse.swt\EBWebView\Default lastActive=2026-08-19T05:56:41.776Z
2026-08-19 06:18:55.444: [INFO] LastUsedProfileDir: D:\Eclipse\SpringBoot\.metadata\.plugins\org.eclipse.swt\EBWebView\Default
2026-08-19 06:18:55.444: [INFO] MostRecentlyActiveProfile: name=Profile 1 path=D:\Eclipse\SpringBoot\.metadata\.plugins\org.eclipse.swt\EBWebView\Default lastActive=2026-08-19T05:56:41.776Z
2026-08-19 06:18:55.444: [INFO] OnDoneLoading sync enabled: 0
2026-08-19 06:18:55.444: [INFO] BookmarkModelLoaded, ids_reassigned: 0
2026-08-19 06:18:55.444: [INFO] BookmarksLoadDropped droppedNodes=0
2026-08-19 06:18:55.444: [INFO] BookmarksSnapshot Startup total=0 bar=0 other=0 mobile=0 showBar=0 showBarNTP=1
2026-08-19 06:19:02.458: [INFO] BookmarksSnapshot Shutdown total=0 bar=0 other=0 mobile=0 showBar=0 showBarNTP=1
2026-08-19 06:19:15.817: [INFO] CurrentProfilePath: D:\Eclipse\SpringBoot\.metadata\.plugins\org.eclipse.swt\EBWebView\Default
2026-08-19 06:19:15.817: [INFO] Profiles total count: 1
2026-08-19 06:19:15.818: [INFO] Profile: name=Profile 1 path=D:\Eclipse\SpringBoot\.metadata\.plugins\org.eclipse.swt\EBWebView\Default lastActive=2026-08-19T05:56:41.776Z
2026-08-19 06:19:15.818: [INFO] LastUsedProfileDir: D:\Eclipse\SpringBoot\.metadata\.plugins\org.eclipse.swt\EBWebView\Default
2026-08-19 06:19:15.818: [INFO] MostRecentlyActiveProfile: name=Profile 1 path=D:\Eclipse\SpringBoot\.metadata\.plugins\org.eclipse.swt\EBWebView\Default lastActive=2026-08-19T05:56:41.776Z
2026-08-19 06:19:15.818: [INFO] OnDoneLoading sync enabled: 0
2026-08-19 06:19:15.818: [INFO] BookmarkModelLoaded, ids_reassigned: 0
2026-08-19 06:19:15.818: [INFO] BookmarksLoadDropped droppedNodes=0
2026-08-19 06:19:15.818: [INFO] BookmarksSnapshot Startup total=0 bar=0 other=0 mobile=0 showBar=0 showBarNTP=1
2026-08-19 06:19:42.589: [INFO] BookmarksSnapshot Shutdown total=0 bar=0 other=0 mobile=0 showBar=0 showBarNTP=1
2026-08-19 06:20:34.491: [INFO] CurrentProfilePath: D:\Eclipse\SpringBoot\.metadata\.plugins\org.eclipse.swt\EBWebView\Default
2026-08-19 06:20:34.491: [INFO] Profiles total count: 1
2026-08-19 06:20:34.491: [INFO] Profile: name=Profile 1 path=D:\Eclipse\SpringBoot\.metadata\.plugins\org.eclipse.swt\EBWebView\Default lastActive=2026-08-19T05:56:41.776Z
2026-08-19 06:20:34.491: [INFO] LastUsedProfileDir: D:\Eclipse\SpringBoot\.metadata\.plugins\org.eclipse.swt\EBWebView\Default
2026-08-19 06:20:34.492: [INFO] MostRecentlyActiveProfile: name=Profile 1 path=D:\Eclipse\SpringBoot\.metadata\.plugins\org.eclipse.swt\EBWebView\Default lastActive=2026-08-19T05:56:41.776Z
2026-08-19 06:20:34.492: [INFO] OnDoneLoading sync enabled: 0
2026-08-19 06:20:34.492: [INFO] BookmarkModelLoaded, ids_reassigned: 0
2026-08-19 06:20:34.492: [INFO] BookmarksLoadDropped droppedNodes=0
2026-08-19 06:20:34.492: [INFO] BookmarksSnapshot Startup total=0 bar=0 other=0 mobile=0 showBar=0 showBarNTP=1
2026-08-19 06:22:29.262: [INFO] BookmarksSnapshot Shutdown total=0 bar=0 other=0 mobile=0 showBar=0 showBarNTP=1
2026-08-19 06:22:44.524: [INFO] CurrentProfilePath: D:\Eclipse\SpringBoot\.metadata\.plugins\org.eclipse.swt\EBWebView\Default
2026-08-19 06:22:44.524: [INFO] Profiles total count: 1
2026-08-19 06:22:44.525: [INFO] Profile: name=Profile 1 path=D:\Eclipse\SpringBoot\.metadata\.plugins\org.eclipse.swt\EBWebView\Default lastActive=2026-08-19T05:56:41.776Z
2026-08-19 06:22:44.525: [INFO] LastUsedProfileDir: D:\Eclipse\SpringBoot\.metadata\.plugins\org.eclipse.swt\EBWebView\Default
2026-08-19 06:22:44.525: [INFO] MostRecentlyActiveProfile: name=Profile 1 path=D:\Eclipse\SpringBoot\.metadata\.plugins\org.eclipse.swt\EBWebView\Default lastActive=2026-08-19T05:56:41.776Z
2026-08-19 06:22:44.525: [INFO] OnDoneLoading sync enabled: 0
2026-08-19 06:22:44.525: [INFO] BookmarkModelLoaded, ids_reassigned: 0
2026-08-19 06:22:44.525: [INFO] BookmarksLoadDropped droppedNodes=0
2026-08-19 06:22:44.525: [INFO] BookmarksSnapshot Startup total=0 bar=0 other=0 mobile=0 showBar=0 showBarNTP=1
2026-08-19 07:02:23.013: [INFO] BookmarksSnapshot Shutdown total=0 bar=0 other=0 mobile=0 showBar=0 showBarNTP=1
2026-08-19 07:11:37.236: [INFO] CurrentProfilePath: D:\Eclipse\SpringBoot\.metadata\.plugins\org.eclipse.swt\EBWebView\Default
2026-08-19 07:11:37.236: [INFO] Profiles total count: 1
2026-08-19 07:11:37.238: [INFO] Profile: name=Profile 1 path=D:\Eclipse\SpringBoot\.metadata\.plugins\org.eclipse.swt\EBWebView\Default lastActive=2026-08-19T05:56:41.776Z
2026-08-19 07:11:37.238: [INFO] LastUsedProfileDir: D:\Eclipse\SpringBoot\.metadata\.plugins\org.eclipse.swt\EBWebView\Default
2026-08-19 07:11:37.238: [INFO] MostRecentlyActiveProfile: name=Profile 1 path=D:\Eclipse\SpringBoot\.metadata\.plugins\org.eclipse.swt\EBWebView\Default lastActive=2026-08-19T05:56:41.776Z
2026-08-19 07:11:37.238: [INFO] OnDoneLoading sync enabled: 0
2026-08-19 07:11:37.238: [INFO] BookmarkModelLoaded, ids_reassigned: 0
2026-08-19 07:11:37.238: [INFO] BookmarksLoadDropped droppedNodes=0
2026-08-19 07:11:37.238: [INFO] BookmarksSnapshot Startup total=0 bar=0 other=0 mobile=0 showBar=0 showBarNTP=1
2026-08-19 07:11:45.619: [INFO] BookmarksSnapshot Shutdown total=0 bar=0 other=0 mobile=0 showBar=0 showBarNTP=1
2026-08-19 07:12:31.565: [INFO] CurrentProfilePath: D:\Eclipse\SpringBoot\.metadata\.plugins\org.eclipse.swt\EBWebView\Default
2026-08-19 07:12:31.565: [INFO] Profiles total count: 1
2026-08-19 07:12:31.565: [INFO] Profile: name=Profile 1 path=D:\Eclipse\SpringBoot\.metadata\.plugins\org.eclipse.swt\EBWebView\Default lastActive=2026-08-19T05:56:41.776Z
2026-08-19 07:12:31.565: [INFO] LastUsedProfileDir: D:\Eclipse\SpringBoot\.metadata\.plugins\org.eclipse.swt\EBWebView\Default
2026-08-19 07:12:31.565: [INFO] MostRecentlyActiveProfile: name=Profile 1 path=D:\Eclipse\SpringBoot\.metadata\.plugins\org.eclipse.swt\EBWebView\Default lastActive=2026-08-19T05:56:41.776Z
2026-08-19 07:12:31.566: [INFO] OnDoneLoading sync enabled: 0
2026-08-19 07:12:31.566: [INFO] BookmarkModelLoaded, ids_reassigned: 0
2026-08-19 07:12:31.566: [INFO] BookmarksLoadDropped droppedNodes=0
2026-08-19 07:12:31.566: [INFO] BookmarksSnapshot Startup total=0 bar=0 other=0 mobile=0 showBar=0 showBarNTP=1
2026-08-19 07:12:31.689: [INFO] BookmarksSnapshot Shutdown total=0 bar=0 other=0 mobile=0 showBar=0 showBarNTP=1
2026-08-19 07:12:56.397: [INFO] CurrentProfilePath: D:\Eclipse\SpringBoot\.metadata\.plugins\org.eclipse.swt\EBWebView\Default
2026-08-19 07:12:56.397: [INFO] Profiles total count: 1
2026-08-19 07:12:56.397: [INFO] Profile: name=Profile 1 path=D:\Eclipse\SpringBoot\.metadata\.plugins\org.eclipse.swt\EBWebView\Default lastActive=2026-08-19T05:56:41.776Z
2026-08-19 07:12:56.397: [INFO] LastUsedProfileDir: D:\Eclipse\SpringBoot\.metadata\.plugins\org.eclipse.swt\EBWebView\Default
2026-08-19 07:12:56.397: [INFO] MostRecentlyActiveProfile: name=Profile 1 path=D:\Eclipse\SpringBoot\.metadata\.plugins\org.eclipse.swt\EBWebView\Default lastActive=2026-08-19T05:56:41.776Z
2026-08-19 07:12:56.397: [INFO] OnDoneLoading sync enabled: 0
2026-08-19 07:12:56.397: [INFO] BookmarkModelLoaded, ids_reassigned: 0
2026-08-19 07:12:56.397: [INFO] BookmarksLoadDropped droppedNodes=0
2026-08-19 07:12:56.398: [INFO] BookmarksSnapshot Startup total=0 bar=0 other=0 mobile=0 showBar=0 showBarNTP=1
2026-08-19 07:35:27.000: [INFO] BookmarksSnapshot Shutdown total=0 bar=0 other=0 mobile=0 showBar=0 showBarNTP=1
2026-08-19 15:24:47.913: [INFO] CurrentProfilePath: D:\Eclipse\SpringBoot\.metadata\.plugins\org.eclipse.swt\EBWebView\Default
2026-08-19 15:24:47.913: [INFO] Profiles total count: 1
2026-08-19 15:24:47.914: [INFO] Profile: name=Profile 1 path=D:\Eclipse\SpringBoot\.metadata\.plugins\org.eclipse.swt\EBWebView\Default lastActive=2026-08-19T05:56:41.776Z
2026-08-19 15:24:47.914: [INFO] LastUsedProfileDir: D:\Eclipse\SpringBoot\.metadata\.plugins\org.eclipse.swt\EBWebView\Default
2026-08-19 15:24:47.914: [INFO] MostRecentlyActiveProfile: name=Profile 1 path=D:\Eclipse\SpringBoot\.metadata\.plugins\org.eclipse.swt\EBWebView\Default lastActive=2026-08-19T05:56:41.776Z
2026-08-19 15:24:47.914: [INFO] OnDoneLoading sync enabled: 0
2026-08-19 15:24:47.914: [INFO] BookmarkModelLoaded, ids_reassigned: 0
2026-08-19 15:24:47.914: [INFO] BookmarksLoadDropped droppedNodes=0
2026-08-19 15:24:47.914: [INFO] BookmarksSnapshot Startup total=0 bar=0 other=0 mobile=0 showBar=0 showBarNTP=1
2026-08-19 15:26:11.968: [INFO] BookmarksSnapshot Shutdown total=0 bar=0 other=0 mobile=0 showBar=0 showBarNTP=1
2026-08-19 15:26:50.285: [INFO] CurrentProfilePath: D:\Eclipse\SpringBoot\.metadata\.plugins\org.eclipse.swt\EBWebView\Default
2026-08-19 15:26:50.285: [INFO] Profiles total count: 1
2026-08-19 15:26:50.286: [INFO] Profile: name=Profile 1 path=D:\Eclipse\SpringBoot\.metadata\.plugins\org.eclipse.swt\EBWebView\Default lastActive=2026-08-19T15:26:05.386Z
2026-08-19 15:26:50.286: [INFO] LastUsedProfileDir: D:\Eclipse\SpringBoot\.metadata\.plugins\org.eclipse.swt\EBWebView\Default
2026-08-19 15:26:50.286: [INFO] MostRecentlyActiveProfile: name=Profile 1 path=D:\Eclipse\SpringBoot\.metadata\.plugins\org.eclipse.swt\EBWebView\Default lastActive=2026-08-19T15:26:05.386Z
2026-08-19 15:26:50.286: [INFO] OnDoneLoading sync enabled: 0
2026-08-19 15:26:50.286: [INFO] BookmarkModelLoaded, ids_reassigned: 0
2026-08-19 15:26:50.286: [INFO] BookmarksLoadDropped droppedNodes=0
2026-08-19 15:26:50.286: [INFO] BookmarksSnapshot Startup total=0 bar=0 other=0 mobile=0 showBar=0 showBarNTP=1
2026-08-19 15:27:15.508: [INFO] BookmarksSnapshot Shutdown total=0 bar=0 other=0 mobile=0 showBar=0 showBarNTP=1
2026-08-19 15:27:27.409: [INFO] CurrentProfilePath: D:\Eclipse\SpringBoot\.metadata\.plugins\org.eclipse.swt\EBWebView\Default
2026-08-19 15:27:27.409: [INFO] Profiles total count: 1
2026-08-19 15:27:27.409: [INFO] Profile: name=Profile 1 path=D:\Eclipse\SpringBoot\.metadata\.plugins\org.eclipse.swt\EBWebView\Default lastActive=2026-08-19T15:27:15.351Z
2026-08-19 15:27:27.409: [INFO] LastUsedProfileDir: D:\Eclipse\SpringBoot\.metadata\.plugins\org.eclipse.swt\EBWebView\Default
2026-08-19 15:27:27.409: [INFO] MostRecentlyActiveProfile: name=Profile 1 path=D:\Eclipse\SpringBoot\.metadata\.plugins\org.eclipse.swt\EBWebView\Default lastActive=2026-08-19T15:27:15.351Z
2026-08-19 15:27:27.409: [INFO] OnDoneLoading sync enabled: 0
2026-08-19 15:27:27.409: [INFO] BookmarkModelLoaded, ids_reassigned: 0
2026-08-19 15:27:27.409: [INFO] BookmarksLoadDropped droppedNodes=0
2026-08-19 15:27:27.409: [INFO] BookmarksSnapshot Startup total=0 bar=0 other=0 mobile=0 showBar=0 showBarNTP=1
2026-08-19 15:34:24.149: [INFO] BookmarksSnapshot Shutdown total=0 bar=0 other=0 mobile=0 showBar=0 showBarNTP=1
